Map 
Edges 2396, Lanes 0
Traffic Lights 42
	Traffic Lights with max Lanes joinedS_6 = 25
	Traffic Lights with max Edges joinedS_6 = 7
SHIELD tlsID 1377211669!
Load Traffic Light data 0.000815s!
SHIELD tlsID GS_1377211666!
Load Traffic Light data 0.000842s!
SHIELD tlsID GS_cluster_1371750101_319604907_659998488_7862118551_7862118555!
Load Traffic Light data 0.000519s!
SHIELD tlsID GS_cluster_1372470119_317703803_317703805_6485676336_6485676337!
Load Traffic Light data 0.021893s!
SHIELD tlsID GS_cluster_25345643_313959167_313959318_313959319_313959329_313959355!
Load Traffic Light data 0.000938s!
PRINT Config:
1377211669
	StateSpace = lane122964118RRR0: 3 *1 [0.333333] x lane310792148: 3 *1 [0.333333] x lane_233999572RRR2: 3 *1 [0.333333]
	ActionSpace = rrrrGggGGg:0.500000, GGGGrrrrrr:0.500000
PRINT Config:
GS_1377211666
	StateSpace = lane21081120RRR2: 3 *1 [0.333333] x lane62212736RRR2: 3 *1 [0.333333] x lane_36729010RRR0: 3 *1 [0.333333]
	ActionSpace = rrrrGggGGg:0.500000, GGGGrrrrrr:0.500000
PRINT Config:
GS_cluster_1371750101_319604907_659998488_7862118551_7862118555
	StateSpace = lane122886923RRR0: 3 *1 [0.333333] x lane122886924RRR0: 3 *1 [0.333333] x lane28583925RRR0: 3 *1 [0.333333]
	ActionSpace = GrrGg:0.500000, rGGrr:0.500000
PRINT Config:
GS_cluster_1372470119_317703803_317703805_6485676336_6485676337
	StateSpace = lane217189186RRR0: 3 *1 [0.333333] x lane28903078: 3 *1 [0.333333] x lane77615982: 3 *1 [0.333333]
	ActionSpace = rrrrGGGGG:0.500000, GGGGrrrrr:0.500000
PRINT Config:
GS_cluster_25345643_313959167_313959318_313959319_313959329_313959355
	StateSpace = lane30259803RRR0: 3 *1 [0.250000] x lane38156743RRR0: 3 *1 [0.250000] x lane45150439RRR0: 3 *1 [0.250000] x lane51707741RRR0: 3 *1 [0.250000]
	ActionSpace = rrGGGrrGGGG:0.500000, GGrrrGGrrrr:0.500000
Simulation Init Time: 0.038039
1000: 1377211669: t	StateSpace = lane122964118RRR0: 4 *1 [0.466667] x lane310792148: 3 *1 [0.266667] x lane_233999572RRR2: 3 *1 [0.266667]
	ActionSpace = rrrrGggGGg:0.500000, GGGGrrrrrr:0.500000

1000: GS_1377211666: t	StateSpace = lane21081120RRR2: 3 *1 [0.266667] x lane62212736RRR2: 4 *1 [0.466667] x lane_36729010RRR0: 3 *1 [0.266667]
	ActionSpace = rrrrGggGGg:0.500000, GGGGrrrrrr:0.500000

1000: GS_cluster_1371750101_319604907_659998488_7862118551_7862118555: t	StateSpace = lane122886923RRR0: 4 *1 [0.466667] x lane122886924RRR0: 3 *1 [0.266667] x lane28583925RRR0: 3 *1 [0.266667]
	ActionSpace = GrrGg:0.500000, rGGrr:0.500000

1000: GS_cluster_1372470119_317703803_317703805_6485676336_6485676337: t	StateSpace = lane217189186RRR0: 3 *1 [0.266667] x lane28903078: 4 *1 [0.466667] x lane77615982: 3 *1 [0.266667]
	ActionSpace = rrrrGGGGG:0.500000, GGGGrrrrr:0.500000

1000: GS_cluster_25345643_313959167_313959318_313959319_313959329_313959355: t	StateSpace = lane30259803RRR0: 3 *1 [0.200000] x lane38156743RRR0: 3 *1 [0.200000] x lane45150439RRR0: 3 *1 [0.200000] x lane51707741RRR0: 4 *1 [0.400000]
	ActionSpace = rrGGGrrGGGG:0.500000, GGrrrGGrrrr:0.500000

1500: 1377211669: t	StateSpace = lane122964118RRR0: 5 *1 [0.573333] x lane310792148: 3 *1 [0.213333] x lane_233999572RRR2: 3 *1 [0.213333]
	ActionSpace = rrrrGggGGg:0.500000, GGGGrrrrrr:0.500000

1500: GS_1377211666: t	StateSpace = lane21081120RRR2: 3 *1 [0.213333] x lane62212736RRR2: 5 *1 [0.573333] x lane_36729010RRR0: 3 *1 [0.213333]
	ActionSpace = rrrrGggGGg:0.500000, GGGGrrrrrr:0.500000

1500: GS_cluster_1371750101_319604907_659998488_7862118551_7862118555: t	StateSpace = lane122886923RRR0: 5 *1 [0.573333] x lane122886924RRR0: 3 *1 [0.213333] x lane28583925RRR0: 3 *1 [0.213333]
	ActionSpace = GrrGg:0.500000, rGGrr:0.500000

1500: GS_cluster_1372470119_317703803_317703805_6485676336_6485676337: t	StateSpace = lane217189186RRR0: 3 *1 [0.213333] x lane28903078: 5 *1 [0.573333] x lane77615982: 3 *1 [0.213333]
	ActionSpace = rrrrGGGGG:0.500000, GGGGrrrrr:0.500000

1500: GS_cluster_25345643_313959167_313959318_313959319_313959329_313959355: t	StateSpace = lane30259803RRR0: 3 *1 [0.160000] x lane38156743RRR0: 3 *1 [0.160000] x lane45150439RRR0: 3 *1 [0.160000] x lane51707741RRR0: 5 *1 [0.520000]
	ActionSpace = rrGGGrrGGGG:0.500000, GGrrrGGrrrr:0.500000

2000: 1377211669: t	StateSpace = lane122964118RRR0: 6 *1 [0.658667] x lane310792148: 3 *1 [0.170667] x lane_233999572RRR2: 3 *1 [0.170667]
	ActionSpace = rrrrGggGGg:0.500000, GGGGrrrrrr:0.500000

2000: GS_1377211666: t	StateSpace = lane21081120RRR2: 3 *1 [0.170667] x lane62212736RRR2: 6 *1 [0.658667] x lane_36729010RRR0: 3 *1 [0.170667]
	ActionSpace = rrrrGggGGg:0.500000, GGGGrrrrrr:0.500000

2000: GS_cluster_1371750101_319604907_659998488_7862118551_7862118555: t	StateSpace = lane122886923RRR0: 6 *1 [0.658667] x lane122886924RRR0: 3 *1 [0.170667] x lane28583925RRR0: 3 *1 [0.170667]
	ActionSpace = GrrGg:0.500000, rGGrr:0.500000

2000: GS_cluster_1372470119_317703803_317703805_6485676336_6485676337: t	StateSpace = lane217189186RRR0: 3 *1 [0.170667] x lane28903078: 6 *1 [0.658667] x lane77615982: 3 *1 [0.170667]
	ActionSpace = rrrrGGGGG:0.500000, GGGGrrrrr:0.500000

2000: GS_cluster_25345643_313959167_313959318_313959319_313959329_313959355: t	StateSpace = lane30259803RRR0: 3 *1 [0.128000] x lane38156743RRR0: 3 *1 [0.128000] x lane45150439RRR0: 3 *1 [0.128000] x lane51707741RRR0: 6 *1 [0.616000]
	ActionSpace = rrGGGrrGGGG:0.500000, GGrrrGGrrrr:0.500000

2500: 1377211669: t	StateSpace = lane122964118RRR0: 6 *1 [0.726933] x lane310792148: 3 *1 [0.136533] x lane_233999572RRR2: 3 *1 [0.136533]
	ActionSpace = rrrrGggGGg:0.500000, GGGGrrrrrr:0.500000

2500: GS_1377211666: t	StateSpace = lane21081120RRR2: 3 *1 [0.136533] x lane62212736RRR2: 6 *1 [0.726933] x lane_36729010RRR0: 3 *1 [0.136533]
	ActionSpace = rrrrGggGGg:0.500000, GGGGrrrrrr:0.500000

2500: GS_cluster_1371750101_319604907_659998488_7862118551_7862118555: t	StateSpace = lane122886923RRR0: 7 *1 [0.726933] x lane122886924RRR0: 3 *1 [0.136533] x lane28583925RRR0: 3 *1 [0.136533]
	ActionSpace = GrrGg:0.500000, rGGrr:0.500000

2500: GS_cluster_1372470119_317703803_317703805_6485676336_6485676337: t	StateSpace = lane217189186RRR0: 3 *1 [0.136533] x lane28903078: 7 *1 [0.726933] x lane77615982: 3 *1 [0.136533]
	ActionSpace = rrrrGGGGG:0.500000, GGGGrrrrr:0.500000

2500: GS_cluster_25345643_313959167_313959318_313959319_313959329_313959355: t	StateSpace = lane30259803RRR0: 3 *1 [0.102400] x lane38156743RRR0: 3 *1 [0.102400] x lane45150439RRR0: 3 *1 [0.102400] x lane51707741RRR0: 7 *1 [0.692800]
	ActionSpace = rrGGGrrGGGG:0.500000, GGrrrGGrrrr:0.500000

3000: 1377211669: t	StateSpace = lane122964118RRR0: 6 *1 [0.781547] x lane310792148: 3 *1 [0.109227] x lane_233999572RRR2: 3 *1 [0.109227]
	ActionSpace = rrrrGggGGg:0.500000, GGGGrrrrrr:0.500000

3000: GS_1377211666: t	StateSpace = lane21081120RRR2: 3 *1 [0.109227] x lane62212736RRR2: 6 *1 [0.781547] x lane_36729010RRR0: 3 *1 [0.109227]
	ActionSpace = rrrrGggGGg:0.500000, GGGGrrrrrr:0.500000

3000: GS_cluster_1371750101_319604907_659998488_7862118551_7862118555: t	StateSpace = lane122886923RRR0: 7 *1 [0.781547] x lane122886924RRR0: 3 *1 [0.109227] x lane28583925RRR0: 3 *1 [0.109227]
	ActionSpace = GrrGg:0.500000, rGGrr:0.500000

3000: GS_cluster_1372470119_317703803_317703805_6485676336_6485676337: t	StateSpace = lane217189186RRR0: 3 *1 [0.109227] x lane28903078: 7 *1 [0.781547] x lane77615982: 3 *1 [0.109227]
	ActionSpace = rrrrGGGGG:0.500000, GGGGrrrrr:0.500000

3000: GS_cluster_25345643_313959167_313959318_313959319_313959329_313959355: t	StateSpace = lane30259803RRR0: 3 *1 [0.081920] x lane38156743RRR0: 3 *1 [0.081920] x lane45150439RRR0: 3 *1 [0.081920] x lane51707741RRR0: 7 *1 [0.754240]
	ActionSpace = rrGGGrrGGGG:0.500000, GGrrrGGrrrr:0.500000

3500: 1377211669: t	StateSpace = lane122964118RRR0: 6 *1 [0.825237] x lane310792148: 3 *1 [0.087381] x lane_233999572RRR2: 3 *1 [0.087381]
	ActionSpace = rrrrGggGGg:0.500000, GGGGrrrrrr:0.500000

3500: GS_1377211666: t	StateSpace = lane21081120RRR2: 3 *1 [0.087381] x lane62212736RRR2: 7 *1 [0.825237] x lane_36729010RRR0: 3 *1 [0.087381]
	ActionSpace = rrrrGggGGg:0.500000, GGGGrrrrrr:0.500000

3500: GS_cluster_1371750101_319604907_659998488_7862118551_7862118555: t	StateSpace = lane122886923RRR0: 8 *1 [0.825237] x lane122886924RRR0: 3 *1 [0.087381] x lane28583925RRR0: 3 *1 [0.087381]
	ActionSpace = GrrGg:0.500000, rGGrr:0.500000

3500: GS_cluster_1372470119_317703803_317703805_6485676336_6485676337: t	StateSpace = lane217189186RRR0: 3 *1 [0.087381] x lane28903078: 8 *1 [0.825237] x lane77615982: 3 *1 [0.087381]
	ActionSpace = rrrrGGGGG:0.500000, GGGGrrrrr:0.500000

3500: GS_cluster_25345643_313959167_313959318_313959319_313959329_313959355: t	StateSpace = lane30259803RRR0: 3 *1 [0.065536] x lane38156743RRR0: 3 *1 [0.065536] x lane45150439RRR0: 3 *1 [0.065536] x lane51707741RRR0: 8 *1 [0.803392]
	ActionSpace = rrGGGrrGGGG:0.500000, GGrrrGGrrrr:0.500000

4000: 1377211669: t	StateSpace = lane122964118RRR0: 6 *1 [0.860190] x lane310792148: 3 *1 [0.069905] x lane_233999572RRR2: 3 *1 [0.069905]
	ActionSpace = rrrrGggGGg:0.500000, GGGGrrrrrr:0.500000

4000: GS_1377211666: t	StateSpace = lane21081120RRR2: 3 *1 [0.069905] x lane62212736RRR2: 8 *1 [0.860190] x lane_36729010RRR0: 3 *1 [0.069905]
	ActionSpace = rrrrGggGGg:0.500000, GGGGrrrrrr:0.500000

4000: GS_cluster_1371750101_319604907_659998488_7862118551_7862118555: t	StateSpace = lane122886923RRR0: 8 *1 [0.860190] x lane122886924RRR0: 3 *1 [0.069905] x lane28583925RRR0: 3 *1 [0.069905]
	ActionSpace = GrrGg:0.500000, rGGrr:0.500000

4000: GS_cluster_1372470119_317703803_317703805_6485676336_6485676337: t	StateSpace = lane217189186RRR0: 3 *1 [0.069905] x lane28903078: 8 *1 [0.860190] x lane77615982: 3 *1 [0.069905]
	ActionSpace = rrrrGGGGG:0.500000, GGGGrrrrr:0.500000

4000: GS_cluster_25345643_313959167_313959318_313959319_313959329_313959355: t	StateSpace = lane30259803RRR0: 3 *1 [0.052429] x lane38156743RRR0: 3 *1 [0.052429] x lane45150439RRR0: 3 *1 [0.052429] x lane51707741RRR0: 8 *1 [0.842714]
	ActionSpace = rrGGGrrGGGG:0.500000, GGrrrGGrrrr:0.500000

4500: 1377211669: t	StateSpace = lane122964118RRR0: 6 *1 [0.888152] x lane310792148: 3 *1 [0.055924] x lane_233999572RRR2: 3 *1 [0.055924]
	ActionSpace = rrrrGggGGg:0.500000, GGGGrrrrrr:0.500000

4500: GS_1377211666: t	StateSpace = lane21081120RRR2: 3 *1 [0.055924] x lane62212736RRR2: 8 *1 [0.888152] x lane_36729010RRR0: 3 *1 [0.055924]
	ActionSpace = rrrrGggGGg:0.500000, GGGGrrrrrr:0.500000

4500: GS_cluster_1371750101_319604907_659998488_7862118551_7862118555: t	StateSpace = lane122886923RRR0: 8 *1 [0.888152] x lane122886924RRR0: 3 *1 [0.055924] x lane28583925RRR0: 3 *1 [0.055924]
	ActionSpace = GrrGg:0.500000, rGGrr:0.500000

4500: GS_cluster_1372470119_317703803_317703805_6485676336_6485676337: t	StateSpace = lane217189186RRR0: 3 *1 [0.055924] x lane28903078: 8 *1 [0.888152] x lane77615982: 3 *1 [0.055924]
	ActionSpace = rrrrGGGGG:0.500000, GGGGrrrrr:0.500000

4500: GS_cluster_25345643_313959167_313959318_313959319_313959329_313959355: t	StateSpace = lane30259803RRR0: 3 *1 [0.041943] x lane38156743RRR0: 3 *1 [0.041943] x lane45150439RRR0: 3 *1 [0.041943] x lane51707741RRR0: 9 *1 [0.874171]
	ActionSpace = rrGGGrrGGGG:0.500000, GGrrrGGrrrr:0.500000

5000: 1377211669: t	StateSpace = lane122964118RRR0: 6 *1 [0.910522] x lane310792148: 3 *1 [0.044739] x lane_233999572RRR2: 3 *1 [0.044739]
	ActionSpace = rrrrGggGGg:0.500000, GGGGrrrrrr:0.500000

5000: GS_1377211666: t	StateSpace = lane21081120RRR2: 3 *1 [0.044739] x lane62212736RRR2: 8 *1 [0.910522] x lane_36729010RRR0: 3 *1 [0.044739]
	ActionSpace = rrrrGggGGg:0.500000, GGGGrrrrrr:0.500000

5000: GS_cluster_1371750101_319604907_659998488_7862118551_7862118555: t	StateSpace = lane122886923RRR0: 9 *1 [0.910522] x lane122886924RRR0: 3 *1 [0.044739] x lane28583925RRR0: 3 *1 [0.044739]
	ActionSpace = GrrGg:0.500000, rGGrr:0.500000

5000: GS_cluster_1372470119_317703803_317703805_6485676336_6485676337: t	StateSpace = lane217189186RRR0: 3 *1 [0.044739] x lane28903078: 8 *1 [0.910522] x lane77615982: 3 *1 [0.044739]
	ActionSpace = rrrrGGGGG:0.500000, GGGGrrrrr:0.500000

5000: GS_cluster_25345643_313959167_313959318_313959319_313959329_313959355: t	StateSpace = lane30259803RRR0: 3 *1 [0.033554] x lane38156743RRR0: 3 *1 [0.033554] x lane45150439RRR0: 3 *1 [0.033554] x lane51707741RRR0: 9 *1 [0.899337]
	ActionSpace = rrGGGrrGGGG:0.500000, GGrrrGGrrrr:0.500000

5500: 1377211669: t	StateSpace = lane122964118RRR0: 6 *1 [0.928417] x lane310792148: 3 *1 [0.035791] x lane_233999572RRR2: 3 *1 [0.035791]
	ActionSpace = rrrrGggGGg:0.500000, GGGGrrrrrr:0.500000

5500: GS_1377211666: t	StateSpace = lane21081120RRR2: 3 *1 [0.035791] x lane62212736RRR2: 8 *1 [0.928417] x lane_36729010RRR0: 3 *1 [0.035791]
	ActionSpace = rrrrGggGGg:0.500000, GGGGrrrrrr:0.500000

5500: GS_cluster_1371750101_319604907_659998488_7862118551_7862118555: t	StateSpace = lane122886923RRR0: 9 *1 [0.928417] x lane122886924RRR0: 3 *1 [0.035791] x lane28583925RRR0: 3 *1 [0.035791]
	ActionSpace = GrrGg:0.500000, rGGrr:0.500000

5500: GS_cluster_1372470119_317703803_317703805_6485676336_6485676337: t	StateSpace = lane217189186RRR0: 3 *1 [0.035791] x lane28903078: 8 *1 [0.928417] x lane77615982: 3 *1 [0.035791]
	ActionSpace = rrrrGGGGG:0.500000, GGGGrrrrr:0.500000

5500: GS_cluster_25345643_313959167_313959318_313959319_313959329_313959355: t	StateSpace = lane30259803RRR0: 3 *1 [0.026844] x lane38156743RRR0: 3 *1 [0.026844] x lane45150439RRR0: 3 *1 [0.026844] x lane51707741RRR0: 9 *1 [0.919469]
	ActionSpace = rrGGGrrGGGG:0.500000, GGrrrGGrrrr:0.500000

