Found block event of lane 25522290#0_0 at time step 950
Found block event of lane 25522290#0_1 at time step 950
Map 
Edges 2396, Lanes 0
Traffic Lights 42
	Traffic Lights with max Lanes joinedS_6 = 25
	Traffic Lights with max Edges joinedS_6 = 7
SHIELD tlsID 1377211669!
Load Traffic Light data 0.000864s!
SHIELD tlsID 25291565!
Load Traffic Light data 0.001159s!
SHIELD tlsID GS_1377211666!
Load Traffic Light data 0.000781s!
SHIELD tlsID GS_cluster_1371750101_319604907_659998488_7862118551_7862118555!
Load Traffic Light data 0.000528s!
SHIELD tlsID GS_cluster_1372470119_317703803_317703805_6485676336_6485676337!
Load Traffic Light data 0.022129s!
SHIELD tlsID GS_cluster_25345643_313959167_313959318_313959319_313959329_313959355!
Load Traffic Light data 0.000896s!
PRINT Config:
1377211669
	StateSpace = lane122964118RRR0: 3 *1 [0.333333] x lane310792148: 3 *1 [0.333333] x lane_233999572RRR2: 3 *1 [0.333333]
	ActionSpace = rrrrGggGGg:0.500000, GGGGrrrrrr:0.500000
PRINT Config:
25291565
	StateSpace = lane29064946RRR0: 3 *1 [0.250000] x lane30903129RRR0: 3 *1 [0.250000] x lane_36729011RRR0: 3 *1 [0.250000] x lane_76334538: 3 *1 [0.250000]
	ActionSpace = GGggrrrrGGggrrrr:0.500000, rrrrGGggrrrrGGgg:0.500000
PRINT Config:
GS_1377211666
	StateSpace = lane21081120RRR2: 3 *1 [0.333333] x lane62212736RRR2: 3 *1 [0.333333] x lane_36729010RRR0: 3 *1 [0.333333]
	ActionSpace = rrrrGggGGg:0.500000, GGGGrrrrrr:0.500000
PRINT Config:
GS_cluster_1371750101_319604907_659998488_7862118551_7862118555
	StateSpace = lane122886923RRR0: 3 *1 [0.333333] x lane122886924RRR0: 3 *1 [0.333333] x lane28583925RRR0: 3 *1 [0.333333]
	ActionSpace = GrrGg:0.500000, rGGrr:0.500000
PRINT Config:
GS_cluster_1372470119_317703803_317703805_6485676336_6485676337
	StateSpace = lane217189186RRR0: 3 *1 [0.333333] x lane28903078: 3 *1 [0.333333] x lane77615982: 3 *1 [0.333333]
	ActionSpace = rrrrGGGGG:0.500000, GGGGrrrrr:0.500000
PRINT Config:
GS_cluster_25345643_313959167_313959318_313959319_313959329_313959355
	StateSpace = lane30259803RRR0: 3 *1 [0.250000] x lane38156743RRR0: 3 *1 [0.250000] x lane45150439RRR0: 3 *1 [0.250000] x lane51707741RRR0: 3 *1 [0.250000]
	ActionSpace = rrGGGrrGGGG:0.500000, GGrrrGGrrrr:0.500000
Simulation Init Time: 0.046703
1000: 1377211669: t	StateSpace = lane122964118RRR0: 3 *1 [0.466667] x lane310792148: 3 *1 [0.266667] x lane_233999572RRR2: 3 *1 [0.266667]
	ActionSpace = rrrrGggGGg:0.500000, GGGGrrrrrr:0.500000

1000: GS_1377211666: t	StateSpace = lane21081120RRR2: 3 *1 [0.266667] x lane62212736RRR2: 3 *1 [0.466667] x lane_36729010RRR0: 3 *1 [0.266667]
	ActionSpace = rrrrGggGGg:0.500000, GGGGrrrrrr:0.500000

1000: GS_cluster_1371750101_319604907_659998488_7862118551_7862118555: t	StateSpace = lane122886923RRR0: 4 *1 [0.364787] x lane122886924RRR0: 3 *1 [0.266667] x lane28583925RRR0: 4 *1 [0.368546]
	ActionSpace = GrrGg:0.500000, rGGrr:0.500000

1000: GS_cluster_1372470119_317703803_317703805_6485676336_6485676337: t	StateSpace = lane217189186RRR0: 4 *1 [0.362948] x lane28903078: 3 *1 [0.272758] x lane77615982: 4 *1 [0.364294]
	ActionSpace = rrrrGGGGG:0.500000, GGGGrrrrr:0.500000

1000: GS_cluster_25345643_313959167_313959318_313959319_313959329_313959355: t	StateSpace = lane30259803RRR0: 4 *1 [0.206012] x lane38156743RRR0: 4 *1 [0.359100] x lane45150439RRR0: 4 *1 [0.228281] x lane51707741RRR0: 4 *1 [0.206607]
	ActionSpace = rrGGGrrGGGG:0.500000, GGrrrGGrrrr:0.500000

1500: 1377211669: t	StateSpace = lane122964118RRR0: 3 *1 [0.448160] x lane310792148: 4 *1 [0.338507] x lane_233999572RRR2: 3 *1 [0.213333]
	ActionSpace = rrrrGggGGg:0.500000, GGGGrrrrrr:0.500000

1500: 25291565: t	StateSpace = lane29064946RRR0: 3 *1 [0.200000] x lane30903129RRR0: 3 *1 [0.200000] x lane_36729011RRR0: 4 *1 [0.400000] x lane_76334538: 3 *1 [0.200000]
	ActionSpace = GGggrrrrGGggrrrr:0.500000, rrrrGGggrrrrGGgg:0.500000

1500: GS_1377211666: t	StateSpace = lane21081120RRR2: 3 *1 [0.213333] x lane62212736RRR2: 3 *1 [0.523162] x lane_36729010RRR0: 4 *1 [0.263505]
	ActionSpace = rrrrGggGGg:0.500000, GGGGrrrrrr:0.500000

1500: GS_cluster_1371750101_319604907_659998488_7862118551_7862118555: t	StateSpace = lane122886923RRR0: 4 *1 [0.318221] x lane122886924RRR0: 3 *1 [0.213333] x lane28583925RRR0: 5 *1 [0.468446]
	ActionSpace = GrrGg:0.500000, rGGrr:0.500000

1500: GS_cluster_1372470119_317703803_317703805_6485676336_6485676337: t	StateSpace = lane217189186RRR0: 5 *1 [0.370280] x lane28903078: 3 *1 [0.225524] x lane77615982: 5 *1 [0.404196]
	ActionSpace = rrrrGGGGG:0.500000, GGGGrrrrr:0.500000

1500: GS_cluster_25345643_313959167_313959318_313959319_313959329_313959355: t	StateSpace = lane30259803RRR0: 5 *1 [0.171810] x lane38156743RRR0: 5 *1 [0.437940] x lane45150439RRR0: 5 *1 [0.218877] x lane51707741RRR0: 4 *1 [0.171374]
	ActionSpace = rrGGGrrGGGG:0.500000, GGrrrGGrrrr:0.500000

2000: 1377211669: t	StateSpace = lane122964118RRR0: 3 *1 [0.438990] x lane310792148: 5 *1 [0.390343] x lane_233999572RRR2: 3 *1 [0.170667]
	ActionSpace = rrrrGggGGg:0.500000, GGGGrrrrrr:0.500000

2000: 25291565: t	StateSpace = lane29064946RRR0: 3 *1 [0.160000] x lane30903129RRR0: 3 *1 [0.160000] x lane_36729011RRR0: 5 *1 [0.520000] x lane_76334538: 3 *1 [0.160000]
	ActionSpace = GGggrrrrGGggrrrr:0.500000, rrrrGGggrrrrGGgg:0.500000

2000: GS_1377211666: t	StateSpace = lane21081120RRR2: 3 *1 [0.170667] x lane62212736RRR2: 3 *1 [0.464703] x lane_36729010RRR0: 5 *1 [0.364631]
	ActionSpace = rrrrGggGGg:0.500000, GGGGrrrrrr:0.500000

2000: GS_cluster_1371750101_319604907_659998488_7862118551_7862118555: t	StateSpace = lane122886923RRR0: 4 *1 [0.272747] x lane122886924RRR0: 3 *1 [0.170667] x lane28583925RRR0: 6 *1 [0.556586]
	ActionSpace = GrrGg:0.500000, rGGrr:0.500000

2000: GS_cluster_1372470119_317703803_317703805_6485676336_6485676337: t	StateSpace = lane217189186RRR0: 5 *1 [0.362939] x lane28903078: 3 *1 [0.188771] x lane77615982: 6 *1 [0.448290]
	ActionSpace = rrrrGGGGG:0.500000, GGGGrrrrr:0.500000

2000: GS_cluster_25345643_313959167_313959318_313959319_313959329_313959355: t	StateSpace = lane30259803RRR0: 6 *1 [0.147152] x lane38156743RRR0: 6 *1 [0.496661] x lane45150439RRR0: 6 *1 [0.212937] x lane51707741RRR0: 4 *1 [0.143250]
	ActionSpace = rrGGGrrGGGG:0.500000, GGrrrGGrrrr:0.500000

2500: 1377211669: t	StateSpace = lane122964118RRR0: 3 *1 [0.393833] x lane310792148: 6 *1 [0.469633] x lane_233999572RRR2: 3 *1 [0.136533]
	ActionSpace = rrrrGggGGg:0.500000, GGGGrrrrrr:0.500000

2500: 25291565: t	StateSpace = lane29064946RRR0: 3 *1 [0.128000] x lane30903129RRR0: 3 *1 [0.128000] x lane_36729011RRR0: 5 *1 [0.616000] x lane_76334538: 3 *1 [0.128000]
	ActionSpace = GGggrrrrGGggrrrr:0.500000, rrrrGGggrrrrGGgg:0.500000

2500: GS_1377211666: t	StateSpace = lane21081120RRR2: 3 *1 [0.136533] x lane62212736RRR2: 3 *1 [0.423770] x lane_36729010RRR0: 6 *1 [0.439696]
	ActionSpace = rrrrGggGGg:0.500000, GGGGrrrrrr:0.500000

2500: GS_cluster_1371750101_319604907_659998488_7862118551_7862118555: t	StateSpace = lane122886923RRR0: 4 *1 [0.232956] x lane122886924RRR0: 3 *1 [0.136533] x lane28583925RRR0: 7 *1 [0.630511]
	ActionSpace = GrrGg:0.500000, rGGrr:0.500000

2500: GS_cluster_1372470119_317703803_317703805_6485676336_6485676337: t	StateSpace = lane217189186RRR0: 5 *1 [0.347934] x lane28903078: 3 *1 [0.159667] x lane77615982: 6 *1 [0.492399]
	ActionSpace = rrrrGGGGG:0.500000, GGGGrrrrr:0.500000

2500: GS_cluster_25345643_313959167_313959318_313959319_313959329_313959355: t	StateSpace = lane30259803RRR0: 7 *1 [0.128930] x lane38156743RRR0: 7 *1 [0.541563] x lane45150439RRR0: 7 *1 [0.208829] x lane51707741RRR0: 4 *1 [0.120678]
	ActionSpace = rrGGGrrGGGG:0.500000, GGrrrGGrrrr:0.500000

3000: 1377211669: t	StateSpace = lane122964118RRR0: 3 *1 [0.358768] x lane310792148: 6 *1 [0.532006] x lane_233999572RRR2: 3 *1 [0.109227]
	ActionSpace = rrrrGggGGg:0.500000, GGGGrrrrrr:0.500000

3000: 25291565: t	StateSpace = lane29064946RRR0: 3 *1 [0.102400] x lane30903129RRR0: 3 *1 [0.102400] x lane_36729011RRR0: 5 *1 [0.692800] x lane_76334538: 3 *1 [0.102400]
	ActionSpace = GGggrrrrGGggrrrr:0.500000, rrrrGGggrrrrGGgg:0.500000

3000: GS_1377211666: t	StateSpace = lane21081120RRR2: 3 *1 [0.109227] x lane62212736RRR2: 3 *1 [0.383382] x lane_36729010RRR0: 7 *1 [0.507392]
	ActionSpace = rrrrGggGGg:0.500000, GGGGrrrrrr:0.500000

3000: GS_cluster_1371750101_319604907_659998488_7862118551_7862118555: t	StateSpace = lane122886923RRR0: 4 *1 [0.199321] x lane122886924RRR0: 3 *1 [0.109227] x lane28583925RRR0: 7 *1 [0.691453]
	ActionSpace = GrrGg:0.500000, rGGrr:0.500000

3000: GS_cluster_1372470119_317703803_317703805_6485676336_6485676337: t	StateSpace = lane217189186RRR0: 5 *1 [0.328986] x lane28903078: 3 *1 [0.137474] x lane77615982: 6 *1 [0.533540]
	ActionSpace = rrrrGGGGG:0.500000, GGGGrrrrr:0.500000

3000: GS_cluster_25345643_313959167_313959318_313959319_313959329_313959355: t	StateSpace = lane30259803RRR0: 7 *1 [0.114273] x lane38156743RRR0: 7 *1 [0.578703] x lane45150439RRR0: 7 *1 [0.204446] x lane51707741RRR0: 4 *1 [0.102578]
	ActionSpace = rrGGGrrGGGG:0.500000, GGrrrGGrrrr:0.500000

3500: 1377211669: t	StateSpace = lane122964118RRR0: 3 *1 [0.326540] x lane310792148: 6 *1 [0.586079] x lane_233999572RRR2: 3 *1 [0.087381]
	ActionSpace = rrrrGggGGg:0.500000, GGGGrrrrrr:0.500000

3500: 25291565: t	StateSpace = lane29064946RRR0: 3 *1 [0.081920] x lane30903129RRR0: 3 *1 [0.081920] x lane_36729011RRR0: 6 *1 [0.754240] x lane_76334538: 3 *1 [0.081920]
	ActionSpace = GGggrrrrGGggrrrr:0.500000, rrrrGGggrrrrGGgg:0.500000

3500: GS_1377211666: t	StateSpace = lane21081120RRR2: 3 *1 [0.087381] x lane62212736RRR2: 3 *1 [0.355624] x lane_36729010RRR0: 7 *1 [0.556995]
	ActionSpace = rrrrGggGGg:0.500000, GGGGrrrrrr:0.500000

3500: GS_cluster_1371750101_319604907_659998488_7862118551_7862118555: t	StateSpace = lane122886923RRR0: 4 *1 [0.172038] x lane122886924RRR0: 3 *1 [0.087381] x lane28583925RRR0: 7 *1 [0.740581]
	ActionSpace = GrrGg:0.500000, rGGrr:0.500000

3500: GS_cluster_1372470119_317703803_317703805_6485676336_6485676337: t	StateSpace = lane217189186RRR0: 5 *1 [0.308695] x lane28903078: 3 *1 [0.120445] x lane77615982: 6 *1 [0.570860]
	ActionSpace = rrrrGGGGG:0.500000, GGGGrrrrr:0.500000

3500: GS_cluster_25345643_313959167_313959318_313959319_313959329_313959355: t	StateSpace = lane30259803RRR0: 7 *1 [0.102838] x lane38156743RRR0: 7 *1 [0.608879] x lane45150439RRR0: 7 *1 [0.200194] x lane51707741RRR0: 4 *1 [0.088089]
	ActionSpace = rrGGGrrGGGG:0.500000, GGrrrGGrrrr:0.500000

4000: 1377211669: t	StateSpace = lane122964118RRR0: 3 *1 [0.301355] x lane310792148: 7 *1 [0.628740] x lane_233999572RRR2: 3 *1 [0.069905]
	ActionSpace = rrrrGggGGg:0.500000, GGGGrrrrrr:0.500000

4000: 25291565: t	StateSpace = lane29064946RRR0: 3 *1 [0.065536] x lane30903129RRR0: 3 *1 [0.065536] x lane_36729011RRR0: 6 *1 [0.803392] x lane_76334538: 3 *1 [0.065536]
	ActionSpace = GGggrrrrGGggrrrr:0.500000, rrrrGGggrrrrGGgg:0.500000

4000: GS_1377211666: t	StateSpace = lane21081120RRR2: 3 *1 [0.069905] x lane62212736RRR2: 3 *1 [0.334962] x lane_36729010RRR0: 7 *1 [0.595133]
	ActionSpace = rrrrGggGGg:0.500000, GGGGrrrrrr:0.500000

4000: GS_cluster_1371750101_319604907_659998488_7862118551_7862118555: t	StateSpace = lane122886923RRR0: 4 *1 [0.149828] x lane122886924RRR0: 3 *1 [0.069905] x lane28583925RRR0: 7 *1 [0.780267]
	ActionSpace = GrrGg:0.500000, rGGrr:0.500000

4000: GS_cluster_1372470119_317703803_317703805_6485676336_6485676337: t	StateSpace = lane217189186RRR0: 5 *1 [0.288774] x lane28903078: 3 *1 [0.107465] x lane77615982: 6 *1 [0.603760]
	ActionSpace = rrrrGGGGG:0.500000, GGGGrrrrr:0.500000

4000: GS_cluster_25345643_313959167_313959318_313959319_313959329_313959355: t	StateSpace = lane30259803RRR0: 7 *1 [0.093277] x lane38156743RRR0: 7 *1 [0.632546] x lane45150439RRR0: 7 *1 [0.197315] x lane51707741RRR0: 4 *1 [0.076862]
	ActionSpace = rrGGGrrGGGG:0.500000, GGrrrGGrrrr:0.500000

4500: 1377211669: t	StateSpace = lane122964118RRR0: 3 *1 [0.280641] x lane310792148: 7 *1 [0.663435] x lane_233999572RRR2: 3 *1 [0.055924]
	ActionSpace = rrrrGggGGg:0.500000, GGGGrrrrrr:0.500000

4500: 25291565: t	StateSpace = lane29064946RRR0: 3 *1 [0.052429] x lane30903129RRR0: 3 *1 [0.052429] x lane_36729011RRR0: 6 *1 [0.842714] x lane_76334538: 3 *1 [0.052429]
	ActionSpace = GGggrrrrGGggrrrr:0.500000, rrrrGGggrrrrGGgg:0.500000

4500: GS_1377211666: t	StateSpace = lane21081120RRR2: 3 *1 [0.055924] x lane62212736RRR2: 3 *1 [0.318857] x lane_36729010RRR0: 7 *1 [0.625218]
	ActionSpace = rrrrGggGGg:0.500000, GGGGrrrrrr:0.500000

4500: GS_cluster_1371750101_319604907_659998488_7862118551_7862118555: t	StateSpace = lane122886923RRR0: 4 *1 [0.131762] x lane122886924RRR0: 3 *1 [0.055924] x lane28583925RRR0: 7 *1 [0.812314]
	ActionSpace = GrrGg:0.500000, rGGrr:0.500000

4500: GS_cluster_1372470119_317703803_317703805_6485676336_6485676337: t	StateSpace = lane217189186RRR0: 5 *1 [0.269554] x lane28903078: 3 *1 [0.097600] x lane77615982: 6 *1 [0.632846]
	ActionSpace = rrrrGGGGG:0.500000, GGGGrrrrr:0.500000

4500: GS_cluster_25345643_313959167_313959318_313959319_313959329_313959355: t	StateSpace = lane30259803RRR0: 7 *1 [0.085253] x lane38156743RRR0: 7 *1 [0.652261] x lane45150439RRR0: 7 *1 [0.194520] x lane51707741RRR0: 4 *1 [0.067965]
	ActionSpace = rrGGGrrGGGG:0.500000, GGrrrGGrrrr:0.500000

5000: 1377211669: t	StateSpace = lane122964118RRR0: 3 *1 [0.262624] x lane310792148: 7 *1 [0.692637] x lane_233999572RRR2: 3 *1 [0.044739]
	ActionSpace = rrrrGggGGg:0.500000, GGGGrrrrrr:0.500000

5000: 25291565: t	StateSpace = lane29064946RRR0: 3 *1 [0.041943] x lane30903129RRR0: 3 *1 [0.041943] x lane_36729011RRR0: 6 *1 [0.874171] x lane_76334538: 3 *1 [0.041943]
	ActionSpace = GGggrrrrGGggrrrr:0.500000, rrrrGGggrrrrGGgg:0.500000

5000: GS_1377211666: t	StateSpace = lane21081120RRR2: 3 *1 [0.044739] x lane62212736RRR2: 3 *1 [0.308679] x lane_36729010RRR0: 7 *1 [0.646581]
	ActionSpace = rrrrGggGGg:0.500000, GGGGrrrrrr:0.500000

5000: GS_cluster_1371750101_319604907_659998488_7862118551_7862118555: t	StateSpace = lane122886923RRR0: 4 *1 [0.117547] x lane122886924RRR0: 3 *1 [0.044739] x lane28583925RRR0: 7 *1 [0.837714]
	ActionSpace = GrrGg:0.500000, rGGrr:0.500000

5000: GS_cluster_1372470119_317703803_317703805_6485676336_6485676337: t	StateSpace = lane217189186RRR0: 5 *1 [0.251311] x lane28903078: 3 *1 [0.090386] x lane77615982: 6 *1 [0.658304]
	ActionSpace = rrrrGGGGG:0.500000, GGGGrrrrr:0.500000

5000: GS_cluster_25345643_313959167_313959318_313959319_313959329_313959355: t	StateSpace = lane30259803RRR0: 7 *1 [0.078420] x lane38156743RRR0: 7 *1 [0.668330] x lane45150439RRR0: 8 *1 [0.192267] x lane51707741RRR0: 4 *1 [0.060983]
	ActionSpace = rrGGGrrGGGG:0.500000, GGrrrGGrrrr:0.500000

5500: 1377211669: t	StateSpace = lane122964118RRR0: 3 *1 [0.250338] x lane310792148: 7 *1 [0.713871] x lane_233999572RRR2: 3 *1 [0.035791]
	ActionSpace = rrrrGggGGg:0.500000, GGGGrrrrrr:0.500000

5500: 25291565: t	StateSpace = lane29064946RRR0: 3 *1 [0.033554] x lane30903129RRR0: 3 *1 [0.033554] x lane_36729011RRR0: 6 *1 [0.899337] x lane_76334538: 3 *1 [0.033554]
	ActionSpace = GGggrrrrGGggrrrr:0.500000, rrrrGGggrrrrGGgg:0.500000

5500: GS_1377211666: t	StateSpace = lane21081120RRR2: 3 *1 [0.035791] x lane62212736RRR2: 3 *1 [0.298836] x lane_36729010RRR0: 7 *1 [0.665373]
	ActionSpace = rrrrGggGGg:0.500000, GGGGrrrrrr:0.500000

5500: GS_cluster_1371750101_319604907_659998488_7862118551_7862118555: t	StateSpace = lane122886923RRR0: 4 *1 [0.105281] x lane122886924RRR0: 3 *1 [0.035791] x lane28583925RRR0: 8 *1 [0.858927]
	ActionSpace = GrrGg:0.500000, rGGrr:0.500000

5500: GS_cluster_1372470119_317703803_317703805_6485676336_6485676337: t	StateSpace = lane217189186RRR0: 5 *1 [0.234403] x lane28903078: 3 *1 [0.085144] x lane77615982: 6 *1 [0.680452]
	ActionSpace = rrrrGGGGG:0.500000, GGGGrrrrr:0.500000

5500: GS_cluster_25345643_313959167_313959318_313959319_313959329_313959355: t	StateSpace = lane30259803RRR0: 7 *1 [0.072779] x lane38156743RRR0: 7 *1 [0.680232] x lane45150439RRR0: 9 *1 [0.191553] x lane51707741RRR0: 4 *1 [0.055436]
	ActionSpace = rrGGGrrGGGG:0.500000, GGrrrGGrrrr:0.500000

